// Jest Snapshot v1, https://goo.gl/fbAQLP

exports[`App.vue should match snapshot 1`] = `
<div
  class="test"
>
  <h1>
    TEST
  </h1>
   
  <section
    class="pattern"
  >
    <h2
      class="pattern__head"
    >
      Basic
    </h2>
     
    <div
      class="pattern__content"
    >
      <div
        class="vue-disclosure-toggler togglerBasic"
      >
        Click Here
      </div>
       
      <div
        class="contentBasic vue-disclosure-content"
        style="max-height: 0px;"
      >
        Hello
      </div>
    </div>
  </section>
   
  <section
    class="pattern"
  >
    <h2
      class="pattern__head"
    >
      Responsive (demo 768px)
    </h2>
     
    <div
      class="pattern__content"
    >
      <div
        class="vue-disclosure-toggler"
      >
        Any Title
      </div>
       
      <div
        class="vue-disclosure-content"
        style="max-height: 0px;"
      >
        Any Contents
      </div>
    </div>
  </section>
</div>
`;
